// Jest Snapshot v1, https://goo.gl/fbAQLP

exports[`DisplayInfo Container DisplayInfo should match snapshot 1`] = `
ShallowWrapper {
  "length": 1,
  Symbol(enzyme.__root__): [Circular],
  Symbol(enzyme.__unrendered__): <DisplayInfo
    houses={
        Array [
            "an",
            "array",
            "of",
            "houses",
          ]
    }
    members={
        Object {
            "membersOne": Array [
              "array",
              "of",
              "member",
              "names",
            ],
            "membersTwo": Array [
              "array",
              "of",
              "member",
              "names",
            ],
          }
    }
    setHouses={[Function]}
    setMembers={[Function]}
/>,
  Symbol(enzyme.__renderer__): Object {
    "batchedUpdates": [Function],
    "getNode": [Function],
    "render": [Function],
    "simulateEvent": [Function],
    "unmount": [Function],
  },
  Symbol(enzyme.__node__): Object {
    "instance": null,
    "key": undefined,
    "nodeType": "host",
    "props": Object {
      "children": Array [
        <img
          src="../../wolf.gif"
/>,
        false,
      ],
      "className": "Display-info",
    },
    "ref": null,
    "rendered": Array [
      Object {
        "instance": null,
        "key": undefined,
        "nodeType": "host",
        "props": Object {
          "src": "../../wolf.gif",
        },
        "ref": null,
        "rendered": null,
        "type": "img",
      },
      false,
    ],
    "type": "div",
  },
  Symbol(enzyme.__nodes__): Array [
    Object {
      "instance": null,
      "key": undefined,
      "nodeType": "host",
      "props": Object {
        "children": Array [
          <img
            src="../../wolf.gif"
/>,
          false,
        ],
        "className": "Display-info",
      },
      "ref": null,
      "rendered": Array [
        Object {
          "instance": null,
          "key": undefined,
          "nodeType": "host",
          "props": Object {
            "src": "../../wolf.gif",
          },
          "ref": null,
          "rendered": null,
          "type": "img",
        },
        false,
      ],
      "type": "div",
    },
  ],
  Symbol(enzyme.__options__): Object {
    "adapter": ReactSixteenAdapter {
      "options": Object {
        "enableComponentDidUpdateOnSetState": true,
      },
    },
  },
}
`;
